#-----------------------------------------------------------
# Vivado v2023.1 (64-bit)
# SW Build 3865809 on Sun May  7 15:05:29 MDT 2023
# IP Build 3864474 on Sun May  7 20:36:21 MDT 2023
# SharedData Build 3865790 on Sun May 07 13:33:03 MDT 2023
# Start of session at: Sun Feb  2 15:48:09 2025
# Process ID: 16612
# Current directory: C:/Users/mario/Dropbox/LABORATORIO/ASDi/RETE_DI_INTERCONNESSIONE_16_4_ES1/RETE_DI_INTERCONNESSIONE_16_4.runs/impl_1
# Command line: vivado.exe -log rete_di_interconnesione_on_board.vdi -applog -product Vivado -messageDb vivado.pb -mode batch -source rete_di_interconnesione_on_board.tcl -notrace
# Log file: C:/Users/mario/Dropbox/LABORATORIO/ASDi/RETE_DI_INTERCONNESSIONE_16_4_ES1/RETE_DI_INTERCONNESSIONE_16_4.runs/impl_1/rete_di_interconnesione_on_board.vdi
# Journal file: C:/Users/mario/Dropbox/LABORATORIO/ASDi/RETE_DI_INTERCONNESSIONE_16_4_ES1/RETE_DI_INTERCONNESSIONE_16_4.runs/impl_1\vivado.jou
# Running On: LAPTOP-OHSN7K8C, OS: Windows, CPU Frequency: 2096 MHz, CPU Physical cores: 8, Host memory: 7448 MB
#-----------------------------------------------------------
source rete_di_interconnesione_on_board.tcl -notrace
