#-----------------------------------------------------------
# Vivado v2023.1 (64-bit)
# SW Build 3865809 on Sun May  7 15:05:29 MDT 2023
# IP Build 3864474 on Sun May  7 20:36:21 MDT 2023
# SharedData Build 3865790 on Sun May 07 13:33:03 MDT 2023
# Start of session at: Fri Jan 31 22:51:05 2025
# Process ID: 20188
# Current directory: C:/Users/riovi/Dropbox/LABORATORIO/ASDi/uart
# Command line: vivado.exe -gui_launcher_event rodinguilauncherevent19740 C:\Users\riovi\Dropbox\LABORATORIO\ASDi\uart\uart.xpr
# Log file: C:/Users/riovi/Dropbox/LABORATORIO/ASDi/uart/vivado.log
# Journal file: C:/Users/riovi/Dropbox/LABORATORIO/ASDi/uart\vivado.jou
# Running On: MARIAP, OS: Windows, CPU Frequency: 2611 MHz, CPU Physical cores: 10, Host memory: 16835 MB
#-----------------------------------------------------------
start_gui
open_project C:/Users/riovi/Dropbox/LABORATORIO/ASDi/uart/uart.xpr
update_compile_order -fileset sources_1
launch_simulation
open_wave_config C:/Users/riovi/Dropbox/LABORATORIO/ASDi/uart/uart.srcs/sim_1/imports/UART/tb_MAIN_behav.wcfg
source tb_MAIN.tcl
close_sim
